// Jest Snapshot v1, https://goo.gl/fbAQLP

exports[`ResponseForm component matches snapshot 1`] = `
<DocumentFragment>
  <form
    class="flex-column align-items-center margin-bottom-tiny"
  >
    <h2>
      May 16 2014
    </h2>
    <h2>
      Serving 160 years apart, these 2 Secretaries of State are the only ones who never married
    </h2>
    <div
      class="form-group"
    >
      <label
        class="margin-bottom-tiny"
        for="input0"
      >
        Who is
      </label>
      <input
        class="form-control margin-bottom-tiny"
        id="input0"
        list="matchedValues0"
        name="input0"
      />
      <datalist
        id="matchedValues0"
      />
    </div>
    <div
      class="form-group"
    >
      <label
        class="margin-bottom-tiny"
        for="input1"
      >
        Who is
      </label>
      <input
        class="form-control margin-bottom-tiny"
        id="input1"
        list="matchedValues1"
        name="input1"
      />
      <datalist
        id="matchedValues1"
      />
    </div>
    <button
      class="btn btn-primary"
      type="submit"
    >
      Submit Answers!
    </button>
  </form>
</DocumentFragment>
`;
