// Jest Snapshot v1, https://goo.gl/fbAQLP

exports[`AnswerBox component matches snapshot 1`] = `
<DocumentFragment>
  <div
    class="form-group"
  >
    <label
      class="margin-bottom-tiny"
      for="input1"
    >
      Who is
    </label>
    <input
      class="form-control margin-bottom-tiny"
      id="input1"
      list="matchedValues1"
      name="input1"
    />
    <datalist
      id="matchedValues1"
    />
  </div>
</DocumentFragment>
`;
